%!Adobe-FontList 1.24
%Locale:0x409

%BeginFont
Handler:DirectoryHandler
FontType:Invalid
OutlineFileName:C:\Users\kofny\Downloads\Font\BagossStandardTRIAL-Bold.eot
FileModTime:1681840127
%EndFont

%BeginFont
Handler:DirectoryHandler
FontType:TrueType
FontName:BagossStandardTRIAL-Bold
FamilyName:Bagoss Standard TRIAL
StyleName:Bold
FullName:Bagoss Standard TRIAL Bold
MenuName:Bagoss Standard TRIAL
StyleBits:2
WritingScript:Roman
OutlineFileName:C:\Users\kofny\Downloads\Font\BagossStandardTRIAL-Bold.ttf
DataFormat:sfntData
hasSVG:no
hasCOLR:no
VariableFontType:NonVariableFont
FileLength:127300
FileModTime:1681840127
WeightClass:700
WidthClass:5
AngleClass:0
NameArray:0,Mac,4,Bagoss Standard TRIAL Bold
NameArray:0,Win,1,Bagoss Standard TRIAL
NameArray:0,Win,16,Bagoss Standard TRIAL
%EndFont

%BeginFont
Handler:DirectoryHandler
FontType:Invalid
OutlineFileName:C:\Users\kofny\Downloads\Font\BagossStandardTRIAL-Bold.woff
FileModTime:1681840127
%EndFont

%BeginFont
Handler:DirectoryHandler
FontType:Invalid
OutlineFileName:C:\Users\kofny\Downloads\Font\BagossStandardTRIAL-Bold.woff2
FileModTime:1681840127
%EndFont

%BeginFont
Handler:DirectoryHandler
FontType:Invalid
OutlineFileName:C:\Users\kofny\Downloads\Font\BagossStandardTRIAL-BoldItalic.eot
FileModTime:1681840126
%EndFont

%BeginFont
Handler:DirectoryHandler
FontType:TrueType
FontName:BagossStandardTRIAL-BoldItalic
FamilyName:Bagoss Standard TRIAL
StyleName:Bold Italic
FullName:Bagoss Standard TRIAL Bold Italic
MenuName:Bagoss Standard TRIAL
StyleBits:3
WritingScript:Roman
OutlineFileName:C:\Users\kofny\Downloads\Font\BagossStandardTRIAL-BoldItalic.ttf
DataFormat:sfntData
hasSVG:no
hasCOLR:no
VariableFontType:NonVariableFont
FileLength:133384
FileModTime:1681840126
WeightClass:700
WidthClass:5
AngleClass:1
NameArray:0,Mac,4,Bagoss Standard TRIAL Bold Italic
NameArray:0,Win,1,Bagoss Standard TRIAL
NameArray:0,Win,16,Bagoss Standard TRIAL
%EndFont

%BeginFont
Handler:DirectoryHandler
FontType:Invalid
OutlineFileName:C:\Users\kofny\Downloads\Font\BagossStandardTRIAL-BoldItalic.woff
FileModTime:1681840126
%EndFont

%BeginFont
Handler:DirectoryHandler
FontType:Invalid
OutlineFileName:C:\Users\kofny\Downloads\Font\BagossStandardTRIAL-BoldItalic.woff2
FileModTime:1681840127
%EndFont

%BeginFont
Handler:DirectoryHandler
FontType:Invalid
OutlineFileName:C:\Users\kofny\Downloads\Font\BagossStandardTRIAL-Light.eot
FileModTime:1681840127
%EndFont

%BeginFont
Handler:DirectoryHandler
FontType:TrueType
FontName:BagossStandardTRIAL-Light
FamilyName:Bagoss Standard TRIAL
StyleName:Light
FullName:Bagoss Standard TRIAL Light
MenuName:Bagoss Standard TRIAL Light
StyleBits:0
WritingScript:Roman
OutlineFileName:C:\Users\kofny\Downloads\Font\BagossStandardTRIAL-Light.ttf
DataFormat:sfntData
hasSVG:no
hasCOLR:no
VariableFontType:NonVariableFont
FileLength:129748
FileModTime:1681840127
WeightClass:300
WidthClass:5
AngleClass:0
NameArray:0,Mac,4,Bagoss Standard TRIAL Light
NameArray:0,Win,1,Bagoss Standard TRIAL Light
NameArray:0,Win,16,Bagoss Standard TRIAL
%EndFont

%BeginFont
Handler:DirectoryHandler
FontType:Invalid
OutlineFileName:C:\Users\kofny\Downloads\Font\BagossStandardTRIAL-Light.woff
FileModTime:1681840127
%EndFont

%BeginFont
Handler:DirectoryHandler
FontType:Invalid
OutlineFileName:C:\Users\kofny\Downloads\Font\BagossStandardTRIAL-Light.woff2
FileModTime:1681840128
%EndFont

%BeginFont
Handler:DirectoryHandler
FontType:Invalid
OutlineFileName:C:\Users\kofny\Downloads\Font\BagossStandardTRIAL-LightItalic.eot
FileModTime:1681840126
%EndFont

%BeginFont
Handler:DirectoryHandler
FontType:TrueType
FontName:BagossStandardTRIAL-LightItalic
FamilyName:Bagoss Standard TRIAL
StyleName:Light Italic
FullName:Bagoss Standard TRIAL Light Italic
MenuName:Bagoss Standard TRIAL Light
StyleBits:1
WritingScript:Roman
OutlineFileName:C:\Users\kofny\Downloads\Font\BagossStandardTRIAL-LightItalic.ttf
DataFormat:sfntData
hasSVG:no
hasCOLR:no
VariableFontType:NonVariableFont
FileLength:135864
FileModTime:1681840126
WeightClass:300
WidthClass:5
AngleClass:1
NameArray:0,Mac,4,Bagoss Standard TRIAL Light Italic
NameArray:0,Win,1,Bagoss Standard TRIAL Light
NameArray:0,Win,16,Bagoss Standard TRIAL
%EndFont

%BeginFont
Handler:DirectoryHandler
FontType:Invalid
OutlineFileName:C:\Users\kofny\Downloads\Font\BagossStandardTRIAL-LightItalic.woff
FileModTime:1681840126
%EndFont

%BeginFont
Handler:DirectoryHandler
FontType:Invalid
OutlineFileName:C:\Users\kofny\Downloads\Font\BagossStandardTRIAL-LightItalic.woff2
FileModTime:1681840126
%EndFont

%BeginFont
Handler:DirectoryHandler
FontType:Invalid
OutlineFileName:C:\Users\kofny\Downloads\Font\BagossStandardTRIAL-Medium.eot
FileModTime:1681840125
%EndFont

%BeginFont
Handler:DirectoryHandler
FontType:TrueType
FontName:BagossStandardTRIAL-Medium
FamilyName:Bagoss Standard TRIAL
StyleName:Medium
FullName:Bagoss Standard TRIAL Medium
MenuName:Bagoss Standard TRIAL Medium
StyleBits:0
WritingScript:Roman
OutlineFileName:C:\Users\kofny\Downloads\Font\BagossStandardTRIAL-Medium.ttf
DataFormat:sfntData
hasSVG:no
hasCOLR:no
VariableFontType:NonVariableFont
FileLength:129396
FileModTime:1681840125
WeightClass:500
WidthClass:5
AngleClass:0
NameArray:0,Mac,4,Bagoss Standard TRIAL Medium
NameArray:0,Win,1,Bagoss Standard TRIAL Medium
NameArray:0,Win,16,Bagoss Standard TRIAL
%EndFont

%BeginFont
Handler:DirectoryHandler
FontType:Invalid
OutlineFileName:C:\Users\kofny\Downloads\Font\BagossStandardTRIAL-Medium.woff
FileModTime:1681840125
%EndFont

%BeginFont
Handler:DirectoryHandler
FontType:Invalid
OutlineFileName:C:\Users\kofny\Downloads\Font\BagossStandardTRIAL-Medium.woff2
FileModTime:1681840126
%EndFont

%BeginFont
Handler:DirectoryHandler
FontType:Invalid
OutlineFileName:C:\Users\kofny\Downloads\Font\BagossStandardTRIAL-MediumItalic.eot
FileModTime:1681840125
%EndFont

%BeginFont
Handler:DirectoryHandler
FontType:TrueType
FontName:BagossStandardTRIAL-MediumItalic
FamilyName:Bagoss Standard TRIAL
StyleName:Medium Italic
FullName:Bagoss Standard TRIAL Medium Italic
MenuName:Bagoss Standard TRIAL Medium
StyleBits:1
WritingScript:Roman
OutlineFileName:C:\Users\kofny\Downloads\Font\BagossStandardTRIAL-MediumItalic.ttf
DataFormat:sfntData
hasSVG:no
hasCOLR:no
VariableFontType:NonVariableFont
FileLength:134412
FileModTime:1681840125
WeightClass:500
WidthClass:5
AngleClass:1
NameArray:0,Mac,4,Bagoss Standard TRIAL Medium Italic
NameArray:0,Win,1,Bagoss Standard TRIAL Medium
NameArray:0,Win,16,Bagoss Standard TRIAL
%EndFont

%BeginFont
Handler:DirectoryHandler
FontType:Invalid
OutlineFileName:C:\Users\kofny\Downloads\Font\BagossStandardTRIAL-MediumItalic.woff
FileModTime:1681840125
%EndFont

%BeginFont
Handler:DirectoryHandler
FontType:Invalid
OutlineFileName:C:\Users\kofny\Downloads\Font\BagossStandardTRIAL-MediumItalic.woff2
FileModTime:1681840125
%EndFont

%BeginFont
Handler:DirectoryHandler
FontType:Invalid
OutlineFileName:C:\Users\kofny\Downloads\Font\BagossStandardTRIAL-Regular.eot
FileModTime:1681840129
%EndFont

%BeginFont
Handler:DirectoryHandler
FontType:TrueType
FontName:BagossStandardTRIAL-Regular
FamilyName:Bagoss Standard TRIAL
StyleName:Regular
FullName:Bagoss Standard TRIAL Regular
MenuName:Bagoss Standard TRIAL
StyleBits:0
WritingScript:Roman
OutlineFileName:C:\Users\kofny\Downloads\Font\BagossStandardTRIAL-Regular.ttf
DataFormat:sfntData
hasSVG:no
hasCOLR:no
VariableFontType:NonVariableFont
FileLength:129500
FileModTime:1681840129
WeightClass:400
WidthClass:5
AngleClass:0
NameArray:0,Mac,4,Bagoss Standard TRIAL Regular
NameArray:0,Win,1,Bagoss Standard TRIAL
NameArray:0,Win,16,Bagoss Standard TRIAL
%EndFont

%BeginFont
Handler:DirectoryHandler
FontType:Invalid
OutlineFileName:C:\Users\kofny\Downloads\Font\BagossStandardTRIAL-Regular.woff
FileModTime:1681840129
%EndFont

%BeginFont
Handler:DirectoryHandler
FontType:Invalid
OutlineFileName:C:\Users\kofny\Downloads\Font\BagossStandardTRIAL-Regular.woff2
FileModTime:1681840130
%EndFont

%BeginFont
Handler:DirectoryHandler
FontType:Invalid
OutlineFileName:C:\Users\kofny\Downloads\Font\BagossStandardTRIAL-RegularItalic.eot
FileModTime:1681840129
%EndFont

%BeginFont
Handler:DirectoryHandler
FontType:TrueType
FontName:BagossStandardTRIAL-RegularItalic
FamilyName:Bagoss Standard TRIAL
StyleName:Regular Italic
FullName:Bagoss Standard TRIAL Regular Italic
MenuName:Bagoss Standard TRIAL
StyleBits:1
WritingScript:Roman
OutlineFileName:C:\Users\kofny\Downloads\Font\BagossStandardTRIAL-RegularItalic.ttf
DataFormat:sfntData
hasSVG:no
hasCOLR:no
VariableFontType:NonVariableFont
FileLength:135152
FileModTime:1681840129
WeightClass:400
WidthClass:5
AngleClass:1
NameArray:0,Mac,4,Bagoss Standard TRIAL Regular Italic
NameArray:0,Win,1,Bagoss Standard TRIAL
NameArray:0,Win,16,Bagoss Standard TRIAL
%EndFont

%BeginFont
Handler:DirectoryHandler
FontType:Invalid
OutlineFileName:C:\Users\kofny\Downloads\Font\BagossStandardTRIAL-RegularItalic.woff
FileModTime:1681840129
%EndFont

%BeginFont
Handler:DirectoryHandler
FontType:Invalid
OutlineFileName:C:\Users\kofny\Downloads\Font\BagossStandardTRIAL-RegularItalic.woff2
FileModTime:1681840129
%EndFont

%BeginFont
Handler:DirectoryHandler
FontType:Invalid
OutlineFileName:C:\Users\kofny\Downloads\Font\BagossStandardTRIAL-SemiBold.eot
FileModTime:1681840128
%EndFont

%BeginFont
Handler:DirectoryHandler
FontType:TrueType
FontName:BagossStandardTRIAL-SemiBold
FamilyName:Bagoss Standard TRIAL
StyleName:SemiBold
FullName:Bagoss Standard TRIAL SemiBold
MenuName:Bagoss Standard TRIAL SemiBold
StyleBits:0
WritingScript:Roman
OutlineFileName:C:\Users\kofny\Downloads\Font\BagossStandardTRIAL-SemiBold.ttf
DataFormat:sfntData
hasSVG:no
hasCOLR:no
VariableFontType:NonVariableFont
FileLength:130084
FileModTime:1681840128
WeightClass:600
WidthClass:5
AngleClass:0
NameArray:0,Mac,4,Bagoss Standard TRIAL SemiBold
NameArray:0,Win,1,Bagoss Standard TRIAL SemiBold
NameArray:0,Win,16,Bagoss Standard TRIAL
%EndFont

%BeginFont
Handler:DirectoryHandler
FontType:Invalid
OutlineFileName:C:\Users\kofny\Downloads\Font\BagossStandardTRIAL-SemiBold.woff
FileModTime:1681840128
%EndFont

%BeginFont
Handler:DirectoryHandler
FontType:Invalid
OutlineFileName:C:\Users\kofny\Downloads\Font\BagossStandardTRIAL-SemiBold.woff2
FileModTime:1681840128
%EndFont

%BeginFont
Handler:DirectoryHandler
FontType:Invalid
OutlineFileName:C:\Users\kofny\Downloads\Font\BagossStandardTRIAL-SemiBoldItalic.eot
FileModTime:1681840130
%EndFont

%BeginFont
Handler:DirectoryHandler
FontType:TrueType
FontName:BagossStandardTRIAL-SemiBoldItalic
FamilyName:Bagoss Standard TRIAL
StyleName:SemiBold Italic
FullName:Bagoss Standard TRIAL SemiBold Italic
MenuName:Bagoss Standard TRIAL SemiBold
StyleBits:1
WritingScript:Roman
OutlineFileName:C:\Users\kofny\Downloads\Font\BagossStandardTRIAL-SemiBoldItalic.ttf
DataFormat:sfntData
hasSVG:no
hasCOLR:no
VariableFontType:NonVariableFont
FileLength:135312
FileModTime:1681840130
WeightClass:600
WidthClass:5
AngleClass:1
NameArray:0,Mac,4,Bagoss Standard TRIAL SemiBold Italic
NameArray:0,Win,1,Bagoss Standard TRIAL SemiBold
NameArray:0,Win,16,Bagoss Standard TRIAL
%EndFont

%BeginFont
Handler:DirectoryHandler
FontType:Invalid
OutlineFileName:C:\Users\kofny\Downloads\Font\BagossStandardTRIAL-SemiBoldItalic.woff
FileModTime:1681840130
%EndFont

%BeginFont
Handler:DirectoryHandler
FontType:Invalid
OutlineFileName:C:\Users\kofny\Downloads\Font\BagossStandardTRIAL-SemiBoldItalic.woff2
FileModTime:1681840130
%EndFont

%BeginFont
Handler:DirectoryHandler
FontType:Invalid
OutlineFileName:C:\Users\kofny\Downloads\Font\BagossStandardTRIAL-Thin.eot
FileModTime:1681840128
%EndFont

%BeginFont
Handler:DirectoryHandler
FontType:TrueType
FontName:BagossStandardTRIAL-Thin
FamilyName:Bagoss Standard TRIAL
StyleName:Thin
FullName:Bagoss Standard TRIAL Thin
MenuName:Bagoss Standard TRIAL Thin
StyleBits:0
WritingScript:Roman
OutlineFileName:C:\Users\kofny\Downloads\Font\BagossStandardTRIAL-Thin.ttf
DataFormat:sfntData
hasSVG:no
hasCOLR:no
VariableFontType:NonVariableFont
FileLength:119180
FileModTime:1681840128
WeightClass:100
WidthClass:5
AngleClass:0
NameArray:0,Mac,4,Bagoss Standard TRIAL Thin
NameArray:0,Win,1,Bagoss Standard TRIAL Thin
NameArray:0,Win,16,Bagoss Standard TRIAL
%EndFont

%BeginFont
Handler:DirectoryHandler
FontType:Invalid
OutlineFileName:C:\Users\kofny\Downloads\Font\BagossStandardTRIAL-Thin.woff
FileModTime:1681840129
%EndFont

%BeginFont
Handler:DirectoryHandler
FontType:Invalid
OutlineFileName:C:\Users\kofny\Downloads\Font\BagossStandardTRIAL-Thin.woff2
FileModTime:1681840129
%EndFont

%BeginFont
Handler:DirectoryHandler
FontType:Invalid
OutlineFileName:C:\Users\kofny\Downloads\Font\BagossStandardTRIAL-ThinItalic.eot
FileModTime:1681840128
%EndFont

%BeginFont
Handler:DirectoryHandler
FontType:TrueType
FontName:BagossStandardTRIAL-ThinItalic
FamilyName:Bagoss Standard TRIAL
StyleName:Thin Italic
FullName:Bagoss Standard TRIAL Thin Italic
MenuName:Bagoss Standard TRIAL Thin
StyleBits:1
WritingScript:Roman
OutlineFileName:C:\Users\kofny\Downloads\Font\BagossStandardTRIAL-ThinItalic.ttf
DataFormat:sfntData
hasSVG:no
hasCOLR:no
VariableFontType:NonVariableFont
FileLength:124356
FileModTime:1681840128
WeightClass:100
WidthClass:5
AngleClass:1
NameArray:0,Mac,4,Bagoss Standard TRIAL Thin Italic
NameArray:0,Win,1,Bagoss Standard TRIAL Thin
NameArray:0,Win,16,Bagoss Standard TRIAL
%EndFont

%BeginFont
Handler:DirectoryHandler
FontType:Invalid
OutlineFileName:C:\Users\kofny\Downloads\Font\BagossStandardTRIAL-ThinItalic.woff
FileModTime:1681840128
%EndFont

%BeginFont
Handler:DirectoryHandler
FontType:Invalid
OutlineFileName:C:\Users\kofny\Downloads\Font\BagossStandardTRIAL-ThinItalic.woff2
FileModTime:1681840128
%EndFont

%BeginFont
Handler:DirectoryHandler
FontType:Invalid
OutlineFileName:C:\Users\kofny\Downloads\Font\demo.html
FileModTime:1681840130
%EndFont

%BeginFont
Handler:DirectoryHandler
FontType:Invalid
OutlineFileName:C:\Users\kofny\Downloads\Font\stylesheet.css
FileModTime:1681840130
%EndFont

